MariaDB [(none)]> 
MariaDB [(none)]> 
MariaDB [(none)]> SHOW DATABASES;
+--------------------+
| Database           |
+--------------------+
| cleanrite          |
| company_b          |
| information_schema |
| mysql              |
| performance_schema |
| phpmyadmin         |
| records_b          |
| restaurant_b       |
| riteclean          |
| test               |
+--------------------+
10 rows in set (0.005 sec)

MariaDB [(none)]> USE restuarant_b;
ERROR 1049 (42000): Unknown database 'restuarant_b'
MariaDB [(none)]> USE restaurant_b;
Reading table information for completion of table and column names
You can turn off this feature to get a quicker startup with -A

Database changed
MariaDB [restaurant_b]> SHOW TABLES;
+------------------------+
| Tables_in_restaurant_b |
+------------------------+
| F_CUSTOMERS            |
| F_FOOD_ITEMS           |
| F_ORDERS               |
| F_ORDER_LINES          |
| F_PROMOTIONAL_MENUS    |
| F_REGULAR_MENUS        |
| F_SHIFTS               |
| F_SHIFT_ASSIGNMENTS    |
| F_STAFFS               |
+------------------------+
9 rows in set (0.001 sec)

MariaDB [restaurant_b]> DESCRIBE F_SHIFTS;
+-------------+--------------+------+-----+---------+-------+
| Field       | Type         | Null | Key | Default | Extra |
+-------------+--------------+------+-----+---------+-------+
| CODE        | int(5)       | NO   | PRI | NULL    |       |
| DESCRIPTION | varchar(100) | NO   |     | NULL    |       |
+-------------+--------------+------+-----+---------+-------+
2 rows in set (0.007 sec)

MariaDB [restaurant_b]> DESCRIBE F_STAFFS;
+----------------+--------------+------+-----+---------+-------+
| Field          | Type         | Null | Key | Default | Extra |
+----------------+--------------+------+-----+---------+-------+
| ID             | int(5)       | NO   | PRI | NULL    |       |
| FIRST_NAME     | varchar(25)  | NO   |     | NULL    |       |
| LAST_NAME      | varchar(35)  | NO   |     | NULL    |       |
| BIRTHDATE      | date         | NO   |     | NULL    |       |
| SALARY         | decimal(8,2) | NO   |     | NULL    |       |
| OVERTIME_RATE  | decimal(5,2) | YES  |     | NULL    |       |
| TRAINING       | varchar(50)  | YES  |     | NULL    |       |
| STAFF_TYPE     | varchar(20)  | NO   |     | NULL    |       |
| MANAGER_ID     | int(5)       | YES  |     | NULL    |       |
| MANAGER_BUDGET | decimal(8,2) | YES  |     | NULL    |       |
| MANAGER_TARGET | decimal(8,2) | YES  |     | NULL    |       |
+----------------+--------------+------+-----+---------+-------+
11 rows in set (0.006 sec)

MariaDB [restaurant_b]> DESCRIBE F_SHIFT_ASSIGNMENTS;
+-------------------+--------+------+-----+---------+-------+
| Field             | Type   | Null | Key | Default | Extra |
+-------------------+--------+------+-----+---------+-------+
| CODE              | int(5) | NO   | PRI | NULL    |       |
| ID                | int(5) | NO   | PRI | NULL    |       |
| SHIFT_ASSIGN_DATE | date   | NO   |     | NULL    |       |
+-------------------+--------+------+-----+---------+-------+
3 rows in set (0.005 sec)

MariaDB [restaurant_b]> DESCRIBE F_CUSTOMERS;
+--------------+-------------+------+-----+---------+-------+
| Field        | Type        | Null | Key | Default | Extra |
+--------------+-------------+------+-----+---------+-------+
| ID           | int(5)      | NO   | PRI | NULL    |       |
| FIRST_NAME   | varchar(25) | NO   |     | NULL    |       |
| LAST_NAME    | varchar(35) | NO   |     | NULL    |       |
| ADDRESS      | varchar(50) | NO   |     | NULL    |       |
| CITY         | varchar(30) | NO   |     | NULL    |       |
| STATE        | varchar(20) | NO   |     | NULL    |       |
| ZIP          | int(10)     | NO   |     | NULL    |       |
| PHONE_NUMBER | varchar(10) | NO   |     | NULL    |       |
+--------------+-------------+------+-----+---------+-------+
8 rows in set (0.007 sec)

MariaDB [restaurant_b]> SELECT * FROM F_PROMOTIONAL_MENUS;
+------+--------------------+------------+------------+-------------------------+
| CODE | NAME               | START_DATE | END_DATE   | GIVE_AWAY               |
+------+--------------------+------------+------------+-------------------------+
| 100  | Back to School     | 2004-09-01 | 2004-09-30 | ballpen and highlighter |
| 110  | Valentines Special | 2004-02-10 | 2004-02-15 | small box of chocolates |
+------+--------------------+------------+------------+-------------------------+
2 rows in set (0.008 sec)

MariaDB [restaurant_b]> DESCRIBE F_FOOD_ITEMS;
+------------------+--------------+------+-----+---------+-------+
| Field            | Type         | Null | Key | Default | Extra |
+------------------+--------------+------+-----+---------+-------+
| FOOD_ITEM_NUMBER | int(5)       | NO   | PRI | NULL    |       |
| DESCRIPTION      | varchar(100) | NO   |     | NULL    |       |
| PRICE            | decimal(8,2) | NO   |     | NULL    |       |
| REGULAR_CODE     | varchar(3)   | YES  | MUL | NULL    |       |
| PROMO_CODE       | varchar(3)   | YES  | MUL | NULL    |       |
+------------------+--------------+------+-----+---------+-------+
5 rows in set (0.009 sec)

MariaDB [restaurant_b]> SHOW CREATE TABLE F_FOOD_ITEMS;
+--------------+---------------------------------------------------------------------------------------------------------------------------------------------------------------------------------------------------------------------------------------------------------------------------------------------------------------------------------------------------------------------------------------------------------------------------------------------------------------------------------------------------------------------------------------------------------------------------------------------------------------------------------------------------+
| Table        | Create Table                                                                                                                                                                                                                                                                                                                                                                                                                                                                                                                                                                                                                                      |
+--------------+---------------------------------------------------------------------------------------------------------------------------------------------------------------------------------------------------------------------------------------------------------------------------------------------------------------------------------------------------------------------------------------------------------------------------------------------------------------------------------------------------------------------------------------------------------------------------------------------------------------------------------------------------+
| F_FOOD_ITEMS | CREATE TABLE `F_FOOD_ITEMS` (
  `FOOD_ITEM_NUMBER` int(5) NOT NULL,
  `DESCRIPTION` varchar(100) NOT NULL,
  `PRICE` decimal(8,2) NOT NULL,
  `REGULAR_CODE` varchar(3) DEFAULT NULL,
  `PROMO_CODE` varchar(3) DEFAULT NULL,
  PRIMARY KEY (`FOOD_ITEM_NUMBER`),
  KEY `F_FIM_PROMO_CODE_FK` (`PROMO_CODE`),
  KEY `F_FIM_REGULAR_CODE_FK` (`REGULAR_CODE`),
  CONSTRAINT `F_FIM_PROMO_CODE_FK` FOREIGN KEY (`PROMO_CODE`) REFERENCES `F_PROMOTIONAL_MENUS` (`CODE`),
  CONSTRAINT `F_FIM_REGULAR_CODE_FK` FOREIGN KEY (`REGULAR_CODE`) REFERENCES `F_REGULAR_MENUS` (`CODE`)
) ENGINE=InnoDB DEFAULT CHARSET=utf8mb4 COLLATE=utf8mb4_general_ci |
+--------------+---------------------------------------------------------------------------------------------------------------------------------------------------------------------------------------------------------------------------------------------------------------------------------------------------------------------------------------------------------------------------------------------------------------------------------------------------------------------------------------------------------------------------------------------------------------------------------------------------------------------------------------------------+
1 row in set (0.002 sec)

MariaDB [restaurant_b]> SHOW CREATE TABLE F_PROMOTIONAL_MENUS;
+---------------------+---------------------------------------------------------------------------------------------------------------------------------------------------------------------------------------------------------------------------------------------------------------------------------------------------+
| Table               | Create Table                                                                                                                                                                                                                                                                                      |
+---------------------+---------------------------------------------------------------------------------------------------------------------------------------------------------------------------------------------------------------------------------------------------------------------------------------------------+
| F_PROMOTIONAL_MENUS | CREATE TABLE `F_PROMOTIONAL_MENUS` (
  `CODE` varchar(3) NOT NULL,
  `NAME` varchar(30) NOT NULL,
  `START_DATE` date NOT NULL,
  `END_DATE` date DEFAULT NULL,
  `GIVE_AWAY` varchar(80) DEFAULT NULL,
  PRIMARY KEY (`CODE`)
) ENGINE=InnoDB DEFAULT CHARSET=utf8mb4 COLLATE=utf8mb4_general_ci |
+---------------------+---------------------------------------------------------------------------------------------------------------------------------------------------------------------------------------------------------------------------------------------------------------------------------------------------+
1 row in set (0.001 sec)

MariaDB [restaurant_b]> SHOW CREATE TABLE F_SHIFTSL;
ERROR 1146 (42S02): Table 'restaurant_b.f_shiftsl' doesn't exist
MariaDB [restaurant_b]> SHOW CREATE TABLE F_SHIFTS;
+----------+--------------------------------------------------------------------------------------------------------------------------------------------------------------------------------------+
| Table    | Create Table                                                                                                                                                                         |
+----------+--------------------------------------------------------------------------------------------------------------------------------------------------------------------------------------+
| F_SHIFTS | CREATE TABLE `F_SHIFTS` (
  `CODE` int(5) NOT NULL,
  `DESCRIPTION` varchar(100) NOT NULL,
  PRIMARY KEY (`CODE`)
) ENGINE=InnoDB DEFAULT CHARSET=utf8mb4 COLLATE=utf8mb4_general_ci |
+----------+--------------------------------------------------------------------------------------------------------------------------------------------------------------------------------------+
1 row in set (0.002 sec)

MariaDB [restaurant_b]> SHOW CREATE TABLE F_REGURLAR_MENUS;
ERROR 1146 (42S02): Table 'restaurant_b.f_regurlar_menus' doesn't exist
MariaDB [restaurant_b]> SHOW CREATE TABLE F_REGULAR_MENUS;
+-----------------+--------------------------------------------------------------------------------------------------------------------------------------------------------------------------------------------------------------------------------+
| Table           | Create Table                                                                                                                                                                                                                   |
+-----------------+--------------------------------------------------------------------------------------------------------------------------------------------------------------------------------------------------------------------------------+
| F_REGULAR_MENUS | CREATE TABLE `F_REGULAR_MENUS` (
  `CODE` varchar(3) NOT NULL,
  `TYPE` varchar(30) NOT NULL,
  `HOURS_SERVED` varchar(30) NOT NULL,
  PRIMARY KEY (`CODE`)
) ENGINE=InnoDB DEFAULT CHARSET=utf8mb4 COLLATE=utf8mb4_general_ci |
+-----------------+--------------------------------------------------------------------------------------------------------------------------------------------------------------------------------------------------------------------------------+
1 row in set (0.001 sec)

MariaDB [restaurant_b]> SHOW CREATE TABLE F_STAFF;
ERROR 1146 (42S02): Table 'restaurant_b.f_staff' doesn't exist
MariaDB [restaurant_b]> SHOW CREATE TABLE F_STAFFs;
+----------+--------------------------------------------------------------------------------------------------------------------------------------------------------------------------------------------------------------------------------------------------------------------------------------------------------------------------------------------------------------------------------------------------------------------------------------------------------------------------------------------------------------------------------------------+
| Table    | Create Table                                                                                                                                                                                                                                                                                                                                                                                                                                                                                                                               |
+----------+--------------------------------------------------------------------------------------------------------------------------------------------------------------------------------------------------------------------------------------------------------------------------------------------------------------------------------------------------------------------------------------------------------------------------------------------------------------------------------------------------------------------------------------------+
| F_STAFFs | CREATE TABLE `F_STAFFs` (
  `ID` int(5) NOT NULL,
  `FIRST_NAME` varchar(25) NOT NULL,
  `LAST_NAME` varchar(35) NOT NULL,
  `BIRTHDATE` date NOT NULL,
  `SALARY` decimal(8,2) NOT NULL,
  `OVERTIME_RATE` decimal(5,2) DEFAULT NULL,
  `TRAINING` varchar(50) DEFAULT NULL,
  `STAFF_TYPE` varchar(20) NOT NULL,
  `MANAGER_ID` int(5) DEFAULT NULL,
  `MANAGER_BUDGET` decimal(8,2) DEFAULT NULL,
  `MANAGER_TARGET` decimal(8,2) DEFAULT NULL,
  PRIMARY KEY (`ID`)
) ENGINE=InnoDB DEFAULT CHARSET=utf8mb4 COLLATE=utf8mb4_general_ci |
+----------+--------------------------------------------------------------------------------------------------------------------------------------------------------------------------------------------------------------------------------------------------------------------------------------------------------------------------------------------------------------------------------------------------------------------------------------------------------------------------------------------------------------------------------------------+
1 row in set (0.001 sec)

MariaDB [restaurant_b]> SHOW CREATE TABLE F_SHIFT_ASSIGNMENT;
ERROR 1146 (42S02): Table 'restaurant_b.f_shift_assignment' doesn't exist
MariaDB [restaurant_b]> SHOW CREATE TABLE F_SHIFT_ASSIGNMENTS;
+---------------------+----------------------------------------------------------------------------------------------------------------------------------------------------------------------------------------------------------------------------------------------------------------------------------------------------------------------------------------------------------------------------------------------------------------------+
| Table               | Create Table                                                                                                                                                                                                                                                                                                                                                                                                         |
+---------------------+----------------------------------------------------------------------------------------------------------------------------------------------------------------------------------------------------------------------------------------------------------------------------------------------------------------------------------------------------------------------------------------------------------------------+
| F_SHIFT_ASSIGNMENTS | CREATE TABLE `F_SHIFT_ASSIGNMENTS` (
  `CODE` int(5) NOT NULL,
  `ID` int(5) NOT NULL,
  `SHIFT_ASSIGN_DATE` date NOT NULL,
  PRIMARY KEY (`CODE`,`ID`),
  KEY `F_SAT_ID_FK` (`ID`),
  CONSTRAINT `F_SAT_CODE_FK` FOREIGN KEY (`CODE`) REFERENCES `F_SHIFTS` (`CODE`),
  CONSTRAINT `F_SAT_ID_FK` FOREIGN KEY (`ID`) REFERENCES `F_STAFFS` (`ID`)
) ENGINE=InnoDB DEFAULT CHARSET=utf8mb4 COLLATE=utf8mb4_general_ci |
+---------------------+----------------------------------------------------------------------------------------------------------------------------------------------------------------------------------------------------------------------------------------------------------------------------------------------------------------------------------------------------------------------------------------------------------------------+
1 row in set (0.001 sec)

MariaDB [restaurant_b]> SHOW CREATE TABLE ORDER_LINES;
ERROR 1146 (42S02): Table 'restaurant_b.order_lines' doesn't exist
MariaDB [restaurant_b]> SHOW CREATE TABLE F_ORDER_LINES;
+---------------+-------------------------------------------------------------------------------------------------------------------------------------------------------------------------------------------------------------------------------------------------------------------------------------------------------------------------------------------------------------------------------------------------------------------------------------------------------------------------------------------------------------------------------------------------------+
| Table         | Create Table                                                                                                                                                                                                                                                                                                                                                                                                                                                                                                                                          |
+---------------+-------------------------------------------------------------------------------------------------------------------------------------------------------------------------------------------------------------------------------------------------------------------------------------------------------------------------------------------------------------------------------------------------------------------------------------------------------------------------------------------------------------------------------------------------------+
| F_ORDER_LINES | CREATE TABLE `F_ORDER_LINES` (
  `ORDER_NUMBER` int(5) NOT NULL,
  `FOOD_ITEM_NUMBER` int(5) NOT NULL,
  `QUANTITY` int(3) NOT NULL,
  PRIMARY KEY (`ORDER_NUMBER`,`FOOD_ITEM_NUMBER`),
  KEY `F_OLE_FOOD_ITEM_NUMBER_FK` (`FOOD_ITEM_NUMBER`),
  CONSTRAINT `F_OLE_FOOD_ITEM_NUMBER_FK` FOREIGN KEY (`FOOD_ITEM_NUMBER`) REFERENCES `F_FOOD_ITEMS` (`FOOD_ITEM_NUMBER`),
  CONSTRAINT `F_OLE_ORDER_NUMBER_FK` FOREIGN KEY (`ORDER_NUMBER`) REFERENCES `F_ORDERS` (`ORDER_NUMBER`)
) ENGINE=InnoDB DEFAULT CHARSET=utf8mb4 COLLATE=utf8mb4_general_ci |
+---------------+-------------------------------------------------------------------------------------------------------------------------------------------------------------------------------------------------------------------------------------------------------------------------------------------------------------------------------------------------------------------------------------------------------------------------------------------------------------------------------------------------------------------------------------------------------+
1 row in set (0.001 sec)

MariaDB [restaurant_b]> /t
    -> ;
ERROR 1064 (42000): You have an error in your SQL syntax; check the manual that corresponds to your MariaDB server version for the right syntax to use near '/t' at line 1
MariaDB [restaurant_b]> \t
